// Jest Snapshot v1, https://goo.gl/fbAQLP

exports[`The test detail component The display element should not regress 1`] = `[Function]`;
